mode: set
github.com/kubeflow/notebooks/workspaces/backend/api/app.go:71.177,84.2 2 1
github.com/kubeflow/notebooks/workspaces/backend/api/app.go:87.37,114.2 14 0
github.com/kubeflow/notebooks/workspaces/backend/api/auth.go:32.105,36.26 2 1
github.com/kubeflow/notebooks/workspaces/backend/api/auth.go:36.26,38.3 1 0
github.com/kubeflow/notebooks/workspaces/backend/api/auth.go:41.2,42.16 2 1
github.com/kubeflow/notebooks/workspaces/backend/api/auth.go:42.16,46.3 3 0
github.com/kubeflow/notebooks/workspaces/backend/api/auth.go:47.2,47.9 1 1
github.com/kubeflow/notebooks/workspaces/backend/api/auth.go:47.9,50.3 2 0
github.com/kubeflow/notebooks/workspaces/backend/api/auth.go:53.2,53.34 1 1
github.com/kubeflow/notebooks/workspaces/backend/api/auth.go:53.34,56.17 3 1
github.com/kubeflow/notebooks/workspaces/backend/api/auth.go:56.17,60.4 3 0
github.com/kubeflow/notebooks/workspaces/backend/api/auth.go:62.3,62.45 1 1
github.com/kubeflow/notebooks/workspaces/backend/api/auth.go:62.45,64.20 2 0
github.com/kubeflow/notebooks/workspaces/backend/api/auth.go:64.20,66.5 1 0
github.com/kubeflow/notebooks/workspaces/backend/api/auth.go:67.4,68.16 2 0
github.com/kubeflow/notebooks/workspaces/backend/api/auth.go:72.2,72.13 1 1
github.com/kubeflow/notebooks/workspaces/backend/api/healthcheck_handler.go:36.98,39.16 2 1
github.com/kubeflow/notebooks/workspaces/backend/api/healthcheck_handler.go:39.16,42.3 2 0
github.com/kubeflow/notebooks/workspaces/backend/api/healthcheck_handler.go:44.2,45.16 2 1
github.com/kubeflow/notebooks/workspaces/backend/api/healthcheck_handler.go:45.16,47.3 1 0
github.com/kubeflow/notebooks/workspaces/backend/api/helpers.go:36.97,39.16 2 1
github.com/kubeflow/notebooks/workspaces/backend/api/helpers.go:39.16,41.3 1 0
github.com/kubeflow/notebooks/workspaces/backend/api/helpers.go:43.2,45.34 2 1
github.com/kubeflow/notebooks/workspaces/backend/api/helpers.go:45.34,47.3 1 0
github.com/kubeflow/notebooks/workspaces/backend/api/helpers.go:49.2,52.16 4 1
github.com/kubeflow/notebooks/workspaces/backend/api/helpers.go:52.16,54.3 1 0
github.com/kubeflow/notebooks/workspaces/backend/api/helpers.go:56.2,56.12 1 1
github.com/kubeflow/notebooks/workspaces/backend/api/helpers.go:60.56,63.42 3 1
github.com/kubeflow/notebooks/workspaces/backend/api/helpers.go:63.42,65.3 1 0
github.com/kubeflow/notebooks/workspaces/backend/api/helpers.go:66.2,66.12 1 1
github.com/kubeflow/notebooks/workspaces/backend/api/helpers.go:72.106,74.23 2 1
github.com/kubeflow/notebooks/workspaces/backend/api/helpers.go:74.23,77.3 2 0
github.com/kubeflow/notebooks/workspaces/backend/api/helpers.go:78.2,79.16 2 1
github.com/kubeflow/notebooks/workspaces/backend/api/helpers.go:79.16,82.3 2 0
github.com/kubeflow/notebooks/workspaces/backend/api/helpers.go:83.2,83.36 1 1
github.com/kubeflow/notebooks/workspaces/backend/api/helpers.go:83.36,86.3 2 0
github.com/kubeflow/notebooks/workspaces/backend/api/helpers.go:88.2,88.13 1 1
github.com/kubeflow/notebooks/workspaces/backend/api/helpers.go:92.67,96.2 3 1
github.com/kubeflow/notebooks/workspaces/backend/api/logging.go:22.52,28.2 2 0
github.com/kubeflow/notebooks/workspaces/backend/api/logging.go:31.56,37.2 2 0
github.com/kubeflow/notebooks/workspaces/backend/api/logging.go:40.56,46.2 2 0
github.com/kubeflow/notebooks/workspaces/backend/api/middleware.go:24.60,25.71 1 0
github.com/kubeflow/notebooks/workspaces/backend/api/middleware.go:25.71,26.16 1 0
github.com/kubeflow/notebooks/workspaces/backend/api/middleware.go:26.16,27.36 1 0
github.com/kubeflow/notebooks/workspaces/backend/api/middleware.go:27.36,30.5 2 0
github.com/kubeflow/notebooks/workspaces/backend/api/middleware.go:33.3,33.23 1 0
github.com/kubeflow/notebooks/workspaces/backend/api/middleware.go:37.58,38.71 1 0
github.com/kubeflow/notebooks/workspaces/backend/api/middleware.go:38.71,44.3 2 0
github.com/kubeflow/notebooks/workspaces/backend/api/namespaces_handler.go:42.97,51.60 2 1
github.com/kubeflow/notebooks/workspaces/backend/api/namespaces_handler.go:51.60,53.3 1 0
github.com/kubeflow/notebooks/workspaces/backend/api/namespaces_handler.go:56.2,57.16 2 1
github.com/kubeflow/notebooks/workspaces/backend/api/namespaces_handler.go:57.16,60.3 2 0
github.com/kubeflow/notebooks/workspaces/backend/api/namespaces_handler.go:62.2,63.40 2 1
github.com/kubeflow/notebooks/workspaces/backend/api/response_errors.go:61.91,65.16 3 1
github.com/kubeflow/notebooks/workspaces/backend/api/response_errors.go:65.16,68.3 2 0
github.com/kubeflow/notebooks/workspaces/backend/api/response_errors.go:72.86,83.2 3 0
github.com/kubeflow/notebooks/workspaces/backend/api/response_errors.go:86.85,95.2 2 0
github.com/kubeflow/notebooks/workspaces/backend/api/response_errors.go:98.76,107.2 2 0
github.com/kubeflow/notebooks/workspaces/backend/api/response_errors.go:110.85,121.2 3 0
github.com/kubeflow/notebooks/workspaces/backend/api/response_errors.go:124.72,133.2 2 1
github.com/kubeflow/notebooks/workspaces/backend/api/response_errors.go:136.80,145.2 2 0
github.com/kubeflow/notebooks/workspaces/backend/api/response_errors.go:148.83,157.2 2 0
github.com/kubeflow/notebooks/workspaces/backend/api/response_errors.go:160.95,169.2 2 0
github.com/kubeflow/notebooks/workspaces/backend/api/response_errors.go:172.146,176.27 2 0
github.com/kubeflow/notebooks/workspaces/backend/api/response_errors.go:176.27,182.3 1 0
github.com/kubeflow/notebooks/workspaces/backend/api/response_errors.go:185.2,185.34 1 0
github.com/kubeflow/notebooks/workspaces/backend/api/response_errors.go:185.34,191.3 1 0
github.com/kubeflow/notebooks/workspaces/backend/api/response_errors.go:193.2,203.34 2 0
github.com/kubeflow/notebooks/workspaces/backend/api/response_success.go:22.78,24.16 2 1
github.com/kubeflow/notebooks/workspaces/backend/api/response_success.go:24.16,26.3 1 0
github.com/kubeflow/notebooks/workspaces/backend/api/response_success.go:30.98,33.16 3 1
github.com/kubeflow/notebooks/workspaces/backend/api/response_success.go:33.16,35.3 1 0
github.com/kubeflow/notebooks/workspaces/backend/api/response_success.go:39.71,41.2 1 1
github.com/kubeflow/notebooks/workspaces/backend/api/swagger_handler.go:26.94,33.2 1 0
github.com/kubeflow/notebooks/workspaces/backend/api/workspacekinds_handler.go:54.101,60.22 4 1
github.com/kubeflow/notebooks/workspaces/backend/api/workspacekinds_handler.go:60.22,63.3 2 0
github.com/kubeflow/notebooks/workspaces/backend/api/workspacekinds_handler.go:66.2,74.60 2 1
github.com/kubeflow/notebooks/workspaces/backend/api/workspacekinds_handler.go:74.60,76.3 1 0
github.com/kubeflow/notebooks/workspaces/backend/api/workspacekinds_handler.go:79.2,80.16 2 1
github.com/kubeflow/notebooks/workspaces/backend/api/workspacekinds_handler.go:80.16,81.58 1 1
github.com/kubeflow/notebooks/workspaces/backend/api/workspacekinds_handler.go:81.58,84.4 2 1
github.com/kubeflow/notebooks/workspaces/backend/api/workspacekinds_handler.go:85.3,86.9 2 0
github.com/kubeflow/notebooks/workspaces/backend/api/workspacekinds_handler.go:89.2,90.40 2 1
github.com/kubeflow/notebooks/workspaces/backend/api/workspacekinds_handler.go:106.101,114.60 2 1
github.com/kubeflow/notebooks/workspaces/backend/api/workspacekinds_handler.go:114.60,116.3 1 0
github.com/kubeflow/notebooks/workspaces/backend/api/workspacekinds_handler.go:119.2,120.16 2 1
github.com/kubeflow/notebooks/workspaces/backend/api/workspacekinds_handler.go:120.16,123.3 2 0
github.com/kubeflow/notebooks/workspaces/backend/api/workspacekinds_handler.go:125.2,126.40 2 1
github.com/kubeflow/notebooks/workspaces/backend/api/workspaces_handler.go:59.97,67.22 6 1
github.com/kubeflow/notebooks/workspaces/backend/api/workspaces_handler.go:67.22,70.3 2 0
github.com/kubeflow/notebooks/workspaces/backend/api/workspaces_handler.go:73.2,84.60 2 1
github.com/kubeflow/notebooks/workspaces/backend/api/workspaces_handler.go:84.60,86.3 1 0
github.com/kubeflow/notebooks/workspaces/backend/api/workspaces_handler.go:89.2,90.16 2 1
github.com/kubeflow/notebooks/workspaces/backend/api/workspaces_handler.go:90.16,91.54 1 1
github.com/kubeflow/notebooks/workspaces/backend/api/workspaces_handler.go:91.54,94.4 2 1
github.com/kubeflow/notebooks/workspaces/backend/api/workspaces_handler.go:95.3,96.9 2 0
github.com/kubeflow/notebooks/workspaces/backend/api/workspaces_handler.go:99.2,100.40 2 1
github.com/kubeflow/notebooks/workspaces/backend/api/workspaces_handler.go:121.98,127.21 3 1
github.com/kubeflow/notebooks/workspaces/backend/api/workspaces_handler.go:127.21,129.3 1 1
github.com/kubeflow/notebooks/workspaces/backend/api/workspaces_handler.go:130.2,130.22 1 1
github.com/kubeflow/notebooks/workspaces/backend/api/workspaces_handler.go:130.22,133.3 2 0
github.com/kubeflow/notebooks/workspaces/backend/api/workspaces_handler.go:136.2,146.60 2 1
github.com/kubeflow/notebooks/workspaces/backend/api/workspaces_handler.go:146.60,148.3 1 0
github.com/kubeflow/notebooks/workspaces/backend/api/workspaces_handler.go:151.2,153.21 3 1
github.com/kubeflow/notebooks/workspaces/backend/api/workspaces_handler.go:153.21,155.3 1 1
github.com/kubeflow/notebooks/workspaces/backend/api/workspaces_handler.go:155.8,157.3 1 1
github.com/kubeflow/notebooks/workspaces/backend/api/workspaces_handler.go:158.2,158.16 1 1
github.com/kubeflow/notebooks/workspaces/backend/api/workspaces_handler.go:158.16,161.3 2 0
github.com/kubeflow/notebooks/workspaces/backend/api/workspaces_handler.go:163.2,164.40 2 1
github.com/kubeflow/notebooks/workspaces/backend/api/workspaces_handler.go:184.100,190.22 4 1
github.com/kubeflow/notebooks/workspaces/backend/api/workspaces_handler.go:190.22,193.3 2 0
github.com/kubeflow/notebooks/workspaces/backend/api/workspaces_handler.go:196.2,196.74 1 1
github.com/kubeflow/notebooks/workspaces/backend/api/workspaces_handler.go:196.74,198.3 1 0
github.com/kubeflow/notebooks/workspaces/backend/api/workspaces_handler.go:201.2,203.16 3 1
github.com/kubeflow/notebooks/workspaces/backend/api/workspaces_handler.go:203.16,206.3 2 0
github.com/kubeflow/notebooks/workspaces/backend/api/workspaces_handler.go:209.2,210.30 2 1
github.com/kubeflow/notebooks/workspaces/backend/api/workspaces_handler.go:210.30,214.3 3 0
github.com/kubeflow/notebooks/workspaces/backend/api/workspaces_handler.go:215.2,216.22 2 1
github.com/kubeflow/notebooks/workspaces/backend/api/workspaces_handler.go:216.22,219.3 2 0
github.com/kubeflow/notebooks/workspaces/backend/api/workspaces_handler.go:221.2,235.60 3 1
github.com/kubeflow/notebooks/workspaces/backend/api/workspaces_handler.go:235.60,237.3 1 0
github.com/kubeflow/notebooks/workspaces/backend/api/workspaces_handler.go:240.2,241.16 2 1
github.com/kubeflow/notebooks/workspaces/backend/api/workspaces_handler.go:241.16,242.59 1 0
github.com/kubeflow/notebooks/workspaces/backend/api/workspaces_handler.go:242.59,245.4 2 0
github.com/kubeflow/notebooks/workspaces/backend/api/workspaces_handler.go:246.3,246.31 1 0
github.com/kubeflow/notebooks/workspaces/backend/api/workspaces_handler.go:246.31,250.4 3 0
github.com/kubeflow/notebooks/workspaces/backend/api/workspaces_handler.go:251.3,252.9 2 0
github.com/kubeflow/notebooks/workspaces/backend/api/workspaces_handler.go:256.2,259.53 3 1
github.com/kubeflow/notebooks/workspaces/backend/api/workspaces_handler.go:279.100,287.22 6 1
github.com/kubeflow/notebooks/workspaces/backend/api/workspaces_handler.go:287.22,290.3 2 0
github.com/kubeflow/notebooks/workspaces/backend/api/workspaces_handler.go:293.2,304.60 2 1
github.com/kubeflow/notebooks/workspaces/backend/api/workspaces_handler.go:304.60,306.3 1 0
github.com/kubeflow/notebooks/workspaces/backend/api/workspaces_handler.go:309.2,310.16 2 1
github.com/kubeflow/notebooks/workspaces/backend/api/workspaces_handler.go:310.16,311.54 1 0
github.com/kubeflow/notebooks/workspaces/backend/api/workspaces_handler.go:311.54,314.4 2 0
github.com/kubeflow/notebooks/workspaces/backend/api/workspaces_handler.go:315.3,316.9 2 0
github.com/kubeflow/notebooks/workspaces/backend/api/workspaces_handler.go:319.2,319.25 1 1
github.com/kubeflow/notebooks/workspaces/backend/internal/repositories/repositories.go:37.54,44.2 1 0
github.com/kubeflow/notebooks/workspaces/backend/internal/models/namespaces/funcs.go:22.69,26.2 1 0
github.com/kubeflow/notebooks/workspaces/backend/internal/repositories/health_check/repo.go:25.56,27.2 1 0
github.com/kubeflow/notebooks/workspaces/backend/internal/repositories/health_check/repo.go:29.89,40.2 2 0
github.com/kubeflow/notebooks/workspaces/backend/internal/models/workspacekinds/funcs.go:27.98,30.45 3 0
github.com/kubeflow/notebooks/workspaces/backend/internal/models/workspacekinds/funcs.go:30.45,32.61 1 0
github.com/kubeflow/notebooks/workspaces/backend/internal/models/workspacekinds/funcs.go:32.61,34.4 1 0
github.com/kubeflow/notebooks/workspaces/backend/internal/models/workspacekinds/funcs.go:35.3,35.66 1 0
github.com/kubeflow/notebooks/workspaces/backend/internal/models/workspacekinds/funcs.go:35.66,37.4 1 0
github.com/kubeflow/notebooks/workspaces/backend/internal/models/workspacekinds/funcs.go:43.2,82.3 3 0
github.com/kubeflow/notebooks/workspaces/backend/internal/models/workspacekinds/funcs.go:85.92,87.36 2 0
github.com/kubeflow/notebooks/workspaces/backend/internal/models/workspacekinds/funcs.go:87.36,97.3 2 0
github.com/kubeflow/notebooks/workspaces/backend/internal/models/workspacekinds/funcs.go:98.2,98.26 1 0
github.com/kubeflow/notebooks/workspaces/backend/internal/models/workspacekinds/funcs.go:101.84,103.34 2 0
github.com/kubeflow/notebooks/workspaces/backend/internal/models/workspacekinds/funcs.go:103.34,113.3 2 0
github.com/kubeflow/notebooks/workspaces/backend/internal/models/workspacekinds/funcs.go:114.2,114.24 1 0
github.com/kubeflow/notebooks/workspaces/backend/internal/models/workspacekinds/funcs.go:117.86,119.24 2 0
github.com/kubeflow/notebooks/workspaces/backend/internal/models/workspacekinds/funcs.go:119.24,124.3 1 0
github.com/kubeflow/notebooks/workspaces/backend/internal/models/workspacekinds/funcs.go:125.2,125.21 1 0
github.com/kubeflow/notebooks/workspaces/backend/internal/models/workspacekinds/funcs.go:128.87,129.21 1 0
github.com/kubeflow/notebooks/workspaces/backend/internal/models/workspacekinds/funcs.go:129.21,131.3 1 0
github.com/kubeflow/notebooks/workspaces/backend/internal/models/workspacekinds/funcs.go:133.2,134.29 2 0
github.com/kubeflow/notebooks/workspaces/backend/internal/models/workspacekinds/funcs.go:134.29,136.33 2 0
github.com/kubeflow/notebooks/workspaces/backend/internal/models/workspacekinds/funcs.go:137.52,138.43 1 0
github.com/kubeflow/notebooks/workspaces/backend/internal/models/workspacekinds/funcs.go:139.55,140.46 1 0
github.com/kubeflow/notebooks/workspaces/backend/internal/models/workspacekinds/funcs.go:141.54,142.45 1 0
github.com/kubeflow/notebooks/workspaces/backend/internal/models/workspacekinds/funcs.go:145.3,148.4 1 0
github.com/kubeflow/notebooks/workspaces/backend/internal/models/workspacekinds/funcs.go:151.2,154.3 1 0
github.com/kubeflow/notebooks/workspaces/backend/internal/models/workspaces/funcs.go:34.120,36.48 1 0
github.com/kubeflow/notebooks/workspaces/backend/internal/models/workspaces/funcs.go:36.48,37.63 1 0
github.com/kubeflow/notebooks/workspaces/backend/internal/models/workspaces/funcs.go:43.2,55.25 4 0
github.com/kubeflow/notebooks/workspaces/backend/internal/models/workspaces/funcs.go:56.48,57.34 1 0
github.com/kubeflow/notebooks/workspaces/backend/internal/models/workspaces/funcs.go:58.52,59.38 1 0
github.com/kubeflow/notebooks/workspaces/backend/internal/models/workspaces/funcs.go:60.47,61.33 1 0
github.com/kubeflow/notebooks/workspaces/backend/internal/models/workspaces/funcs.go:62.48,63.34 1 0
github.com/kubeflow/notebooks/workspaces/backend/internal/models/workspaces/funcs.go:64.46,65.32 1 0
github.com/kubeflow/notebooks/workspaces/backend/internal/models/workspaces/funcs.go:66.48,67.34 1 0
github.com/kubeflow/notebooks/workspaces/backend/internal/models/workspaces/funcs.go:70.2,72.44 3 0
github.com/kubeflow/notebooks/workspaces/backend/internal/models/workspaces/funcs.go:72.44,74.60 1 0
github.com/kubeflow/notebooks/workspaces/backend/internal/models/workspaces/funcs.go:74.60,76.4 1 0
github.com/kubeflow/notebooks/workspaces/backend/internal/models/workspaces/funcs.go:77.3,77.65 1 0
github.com/kubeflow/notebooks/workspaces/backend/internal/models/workspaces/funcs.go:77.65,79.4 1 0
github.com/kubeflow/notebooks/workspaces/backend/internal/models/workspaces/funcs.go:82.2,83.50 2 0
github.com/kubeflow/notebooks/workspaces/backend/internal/models/workspaces/funcs.go:83.50,90.3 2 0
github.com/kubeflow/notebooks/workspaces/backend/internal/models/workspaces/funcs.go:92.2,133.23 4 0
github.com/kubeflow/notebooks/workspaces/backend/internal/models/workspaces/funcs.go:136.60,138.2 1 0
github.com/kubeflow/notebooks/workspaces/backend/internal/models/workspaces/funcs.go:140.110,141.45 1 0
github.com/kubeflow/notebooks/workspaces/backend/internal/models/workspaces/funcs.go:141.45,143.3 1 0
github.com/kubeflow/notebooks/workspaces/backend/internal/models/workspaces/funcs.go:146.2,147.20 2 0
github.com/kubeflow/notebooks/workspaces/backend/internal/models/workspaces/funcs.go:147.20,149.3 1 0
github.com/kubeflow/notebooks/workspaces/backend/internal/models/workspaces/funcs.go:151.2,156.3 1 0
github.com/kubeflow/notebooks/workspaces/backend/internal/models/workspaces/funcs.go:159.148,163.20 2 0
github.com/kubeflow/notebooks/workspaces/backend/internal/models/workspaces/funcs.go:163.20,165.73 2 0
github.com/kubeflow/notebooks/workspaces/backend/internal/models/workspaces/funcs.go:165.73,167.4 1 0
github.com/kubeflow/notebooks/workspaces/backend/internal/models/workspaces/funcs.go:171.2,178.58 3 0
github.com/kubeflow/notebooks/workspaces/backend/internal/models/workspaces/funcs.go:178.58,183.3 4 0
github.com/kubeflow/notebooks/workspaces/backend/internal/models/workspaces/funcs.go:187.2,189.81 3 0
github.com/kubeflow/notebooks/workspaces/backend/internal/models/workspaces/funcs.go:189.81,196.59 2 0
github.com/kubeflow/notebooks/workspaces/backend/internal/models/workspaces/funcs.go:196.59,200.4 3 0
github.com/kubeflow/notebooks/workspaces/backend/internal/models/workspaces/funcs.go:205.2,207.22 3 0
github.com/kubeflow/notebooks/workspaces/backend/internal/models/workspaces/funcs.go:207.22,209.3 1 0
github.com/kubeflow/notebooks/workspaces/backend/internal/models/workspaces/funcs.go:210.2,210.72 1 0
github.com/kubeflow/notebooks/workspaces/backend/internal/models/workspaces/funcs.go:210.72,216.49 3 0
github.com/kubeflow/notebooks/workspaces/backend/internal/models/workspaces/funcs.go:216.49,218.61 1 0
github.com/kubeflow/notebooks/workspaces/backend/internal/models/workspaces/funcs.go:218.61,220.5 1 0
github.com/kubeflow/notebooks/workspaces/backend/internal/models/workspaces/funcs.go:224.2,228.28 1 0
github.com/kubeflow/notebooks/workspaces/backend/internal/models/workspaces/funcs.go:231.142,235.20 2 0
github.com/kubeflow/notebooks/workspaces/backend/internal/models/workspaces/funcs.go:235.20,237.71 2 0
github.com/kubeflow/notebooks/workspaces/backend/internal/models/workspaces/funcs.go:237.71,239.4 1 0
github.com/kubeflow/notebooks/workspaces/backend/internal/models/workspaces/funcs.go:243.2,250.54 3 0
github.com/kubeflow/notebooks/workspaces/backend/internal/models/workspaces/funcs.go:250.54,255.3 4 0
github.com/kubeflow/notebooks/workspaces/backend/internal/models/workspaces/funcs.go:259.2,261.75 3 0
github.com/kubeflow/notebooks/workspaces/backend/internal/models/workspaces/funcs.go:261.75,268.55 2 0
github.com/kubeflow/notebooks/workspaces/backend/internal/models/workspaces/funcs.go:268.55,272.4 3 0
github.com/kubeflow/notebooks/workspaces/backend/internal/models/workspaces/funcs.go:277.2,279.22 3 0
github.com/kubeflow/notebooks/workspaces/backend/internal/models/workspaces/funcs.go:279.22,281.3 1 0
github.com/kubeflow/notebooks/workspaces/backend/internal/models/workspaces/funcs.go:282.2,282.70 1 0
github.com/kubeflow/notebooks/workspaces/backend/internal/models/workspaces/funcs.go:282.70,288.47 3 0
github.com/kubeflow/notebooks/workspaces/backend/internal/models/workspaces/funcs.go:288.47,290.61 1 0
github.com/kubeflow/notebooks/workspaces/backend/internal/models/workspaces/funcs.go:290.61,292.5 1 0
github.com/kubeflow/notebooks/workspaces/backend/internal/models/workspaces/funcs.go:296.2,300.26 1 0
github.com/kubeflow/notebooks/workspaces/backend/internal/models/workspaces/funcs.go:303.86,305.24 2 0
github.com/kubeflow/notebooks/workspaces/backend/internal/models/workspaces/funcs.go:305.24,310.3 1 0
github.com/kubeflow/notebooks/workspaces/backend/internal/models/workspaces/funcs.go:311.2,311.21 1 0
github.com/kubeflow/notebooks/workspaces/backend/internal/models/workspaces/funcs.go:314.85,315.16 1 0
github.com/kubeflow/notebooks/workspaces/backend/internal/models/workspaces/funcs.go:315.16,317.3 1 0
github.com/kubeflow/notebooks/workspaces/backend/internal/models/workspaces/funcs.go:319.2,320.19 2 0
github.com/kubeflow/notebooks/workspaces/backend/internal/models/workspaces/funcs.go:321.51,322.42 1 0
github.com/kubeflow/notebooks/workspaces/backend/internal/models/workspaces/funcs.go:323.54,324.45 1 0
github.com/kubeflow/notebooks/workspaces/backend/internal/models/workspaces/funcs.go:325.53,326.44 1 0
github.com/kubeflow/notebooks/workspaces/backend/internal/models/workspaces/funcs.go:329.2,332.3 1 0
github.com/kubeflow/notebooks/workspaces/backend/internal/models/workspaces/funcs.go:335.119,336.29 1 0
github.com/kubeflow/notebooks/workspaces/backend/internal/models/workspaces/funcs.go:336.29,338.3 1 0
github.com/kubeflow/notebooks/workspaces/backend/internal/models/workspaces/funcs.go:340.2,341.45 2 0
github.com/kubeflow/notebooks/workspaces/backend/internal/models/workspaces/funcs.go:341.45,343.24 2 0
github.com/kubeflow/notebooks/workspaces/backend/internal/models/workspaces/funcs.go:344.49,348.5 1 0
github.com/kubeflow/notebooks/workspaces/backend/internal/models/workspaces/funcs.go:352.2,352.17 1 0
github.com/kubeflow/notebooks/workspaces/backend/internal/models/workspaces/funcs_create.go:25.94,28.44 3 0
github.com/kubeflow/notebooks/workspaces/backend/internal/models/workspaces/funcs_create.go:28.44,30.60 1 0
github.com/kubeflow/notebooks/workspaces/backend/internal/models/workspaces/funcs_create.go:30.60,32.4 1 0
github.com/kubeflow/notebooks/workspaces/backend/internal/models/workspaces/funcs_create.go:33.3,33.65 1 0
github.com/kubeflow/notebooks/workspaces/backend/internal/models/workspaces/funcs_create.go:33.65,35.4 1 0
github.com/kubeflow/notebooks/workspaces/backend/internal/models/workspaces/funcs_create.go:38.2,39.53 2 0
github.com/kubeflow/notebooks/workspaces/backend/internal/models/workspaces/funcs_create.go:39.53,45.3 1 0
github.com/kubeflow/notebooks/workspaces/backend/internal/models/workspaces/funcs_create.go:47.2,68.29 2 0
github.com/kubeflow/notebooks/workspaces/backend/internal/models/workspaces/types_create.go:70.71,91.52 11 0
github.com/kubeflow/notebooks/workspaces/backend/internal/models/workspaces/types_create.go:91.52,95.3 3 0
github.com/kubeflow/notebooks/workspaces/backend/internal/models/workspaces/types_create.go:98.2,99.55 2 0
github.com/kubeflow/notebooks/workspaces/backend/internal/models/workspaces/types_create.go:99.55,103.30 4 0
github.com/kubeflow/notebooks/workspaces/backend/internal/models/workspaces/types_create.go:103.30,104.58 1 0
github.com/kubeflow/notebooks/workspaces/backend/internal/models/workspaces/types_create.go:104.58,106.5 1 0
github.com/kubeflow/notebooks/workspaces/backend/internal/models/workspaces/types_create.go:110.2,110.13 1 0
github.com/kubeflow/notebooks/workspaces/backend/internal/helper/k8s.go:28.45,30.59 2 0
github.com/kubeflow/notebooks/workspaces/backend/internal/helper/k8s.go:30.59,32.3 1 0
github.com/kubeflow/notebooks/workspaces/backend/internal/helper/k8s.go:33.2,33.63 1 0
github.com/kubeflow/notebooks/workspaces/backend/internal/helper/k8s.go:33.63,35.3 1 0
github.com/kubeflow/notebooks/workspaces/backend/internal/helper/k8s.go:36.2,36.20 1 0
github.com/kubeflow/notebooks/workspaces/backend/internal/helper/validation.go:31.64,34.76 2 0
github.com/kubeflow/notebooks/workspaces/backend/internal/helper/validation.go:34.76,36.3 1 0
github.com/kubeflow/notebooks/workspaces/backend/internal/helper/validation.go:36.8,38.3 1 0
github.com/kubeflow/notebooks/workspaces/backend/internal/helper/validation.go:41.2,42.52 2 0
github.com/kubeflow/notebooks/workspaces/backend/internal/helper/validation.go:42.52,44.3 1 0
github.com/kubeflow/notebooks/workspaces/backend/internal/helper/validation.go:46.2,46.33 1 0
github.com/kubeflow/notebooks/workspaces/backend/internal/helper/validation.go:50.78,53.17 2 0
github.com/kubeflow/notebooks/workspaces/backend/internal/helper/validation.go:53.17,55.3 1 0
github.com/kubeflow/notebooks/workspaces/backend/internal/helper/validation.go:57.2,57.13 1 0
github.com/kubeflow/notebooks/workspaces/backend/internal/helper/validation.go:63.86,66.17 2 0
github.com/kubeflow/notebooks/workspaces/backend/internal/helper/validation.go:66.17,68.3 1 0
github.com/kubeflow/notebooks/workspaces/backend/internal/helper/validation.go:68.8,70.24 2 0
github.com/kubeflow/notebooks/workspaces/backend/internal/helper/validation.go:70.24,72.4 1 0
github.com/kubeflow/notebooks/workspaces/backend/internal/helper/validation.go:75.2,75.13 1 0
github.com/kubeflow/notebooks/workspaces/backend/internal/helper/validation.go:81.82,84.17 2 0
github.com/kubeflow/notebooks/workspaces/backend/internal/helper/validation.go:84.17,86.3 1 0
github.com/kubeflow/notebooks/workspaces/backend/internal/helper/validation.go:86.8,88.24 2 0
github.com/kubeflow/notebooks/workspaces/backend/internal/helper/validation.go:88.24,90.4 1 0
github.com/kubeflow/notebooks/workspaces/backend/internal/helper/validation.go:93.2,93.13 1 0
github.com/kubeflow/notebooks/workspaces/backend/internal/auth/authentication.go:30.124,38.16 2 0
github.com/kubeflow/notebooks/workspaces/backend/internal/auth/authentication.go:38.16,40.3 1 0
github.com/kubeflow/notebooks/workspaces/backend/internal/auth/authentication.go:43.2,43.24 1 0
github.com/kubeflow/notebooks/workspaces/backend/internal/auth/authentication.go:43.24,45.3 1 0
github.com/kubeflow/notebooks/workspaces/backend/internal/auth/authentication.go:48.2,48.115 1 0
github.com/kubeflow/notebooks/workspaces/backend/internal/auth/authentication.go:48.115,50.17 2 0
github.com/kubeflow/notebooks/workspaces/backend/internal/auth/authentication.go:50.17,52.4 1 0
github.com/kubeflow/notebooks/workspaces/backend/internal/auth/authentication.go:55.3,55.10 1 0
github.com/kubeflow/notebooks/workspaces/backend/internal/auth/authentication.go:55.10,57.4 1 0
github.com/kubeflow/notebooks/workspaces/backend/internal/auth/authentication.go:60.3,66.15 1 0
github.com/kubeflow/notebooks/workspaces/backend/internal/auth/authentication.go:69.2,69.34 1 0
github.com/kubeflow/notebooks/workspaces/backend/internal/auth/authorization.go:40.108,42.16 2 0
github.com/kubeflow/notebooks/workspaces/backend/internal/auth/authorization.go:42.16,44.3 1 0
github.com/kubeflow/notebooks/workspaces/backend/internal/auth/authorization.go:46.2,66.16 3 0
github.com/kubeflow/notebooks/workspaces/backend/internal/auth/authorization.go:66.16,68.3 1 0
github.com/kubeflow/notebooks/workspaces/backend/internal/auth/authorization.go:70.2,70.34 1 0
github.com/kubeflow/notebooks/workspaces/backend/internal/auth/authorization.go:85.81,93.33 2 0
github.com/kubeflow/notebooks/workspaces/backend/internal/auth/authorization.go:93.33,95.3 1 0
github.com/kubeflow/notebooks/workspaces/backend/internal/auth/authorization.go:97.2,97.28 1 0
github.com/kubeflow/notebooks/workspaces/backend/internal/auth/authorization.go:97.28,99.3 1 0
github.com/kubeflow/notebooks/workspaces/backend/internal/auth/authorization.go:101.2,101.15 1 0
github.com/kubeflow/notebooks/workspaces/backend/internal/auth/authorization.go:105.75,116.2 1 0
github.com/kubeflow/notebooks/workspaces/backend/cmd/main.go:50.13,101.16 11 0
github.com/kubeflow/notebooks/workspaces/backend/cmd/main.go:101.16,104.3 2 0
github.com/kubeflow/notebooks/workspaces/backend/cmd/main.go:105.2,110.16 4 0
github.com/kubeflow/notebooks/workspaces/backend/cmd/main.go:110.16,113.3 2 0
github.com/kubeflow/notebooks/workspaces/backend/cmd/main.go:116.2,124.16 2 0
github.com/kubeflow/notebooks/workspaces/backend/cmd/main.go:124.16,127.3 2 0
github.com/kubeflow/notebooks/workspaces/backend/cmd/main.go:130.2,131.16 2 0
github.com/kubeflow/notebooks/workspaces/backend/cmd/main.go:131.16,134.3 2 0
github.com/kubeflow/notebooks/workspaces/backend/cmd/main.go:137.2,138.16 2 0
github.com/kubeflow/notebooks/workspaces/backend/cmd/main.go:138.16,140.3 1 0
github.com/kubeflow/notebooks/workspaces/backend/cmd/main.go:143.2,144.16 2 0
github.com/kubeflow/notebooks/workspaces/backend/cmd/main.go:144.16,147.3 2 0
github.com/kubeflow/notebooks/workspaces/backend/cmd/main.go:148.2,149.16 2 0
github.com/kubeflow/notebooks/workspaces/backend/cmd/main.go:149.16,152.3 2 0
github.com/kubeflow/notebooks/workspaces/backend/cmd/main.go:153.2,153.50 1 0
github.com/kubeflow/notebooks/workspaces/backend/cmd/main.go:153.50,156.3 2 0
github.com/kubeflow/notebooks/workspaces/backend/cmd/main.go:159.2,160.61 2 0
github.com/kubeflow/notebooks/workspaces/backend/cmd/main.go:160.61,163.3 2 0
github.com/kubeflow/notebooks/workspaces/backend/cmd/main.go:166.51,167.49 1 0
github.com/kubeflow/notebooks/workspaces/backend/cmd/main.go:167.49,168.55 1 0
github.com/kubeflow/notebooks/workspaces/backend/cmd/main.go:168.55,170.4 1 0
github.com/kubeflow/notebooks/workspaces/backend/cmd/main.go:172.2,172.19 1 0
github.com/kubeflow/notebooks/workspaces/backend/cmd/main.go:175.63,176.49 1 0
github.com/kubeflow/notebooks/workspaces/backend/cmd/main.go:176.49,177.67 1 0
github.com/kubeflow/notebooks/workspaces/backend/cmd/main.go:177.67,179.4 1 0
github.com/kubeflow/notebooks/workspaces/backend/cmd/main.go:181.2,181.19 1 0
github.com/kubeflow/notebooks/workspaces/backend/cmd/main.go:184.57,185.49 1 0
github.com/kubeflow/notebooks/workspaces/backend/cmd/main.go:185.49,187.3 1 0
github.com/kubeflow/notebooks/workspaces/backend/cmd/main.go:188.2,188.19 1 0
github.com/kubeflow/notebooks/workspaces/backend/cmd/main.go:191.54,192.49 1 0
github.com/kubeflow/notebooks/workspaces/backend/cmd/main.go:192.49,193.61 1 0
github.com/kubeflow/notebooks/workspaces/backend/cmd/main.go:193.61,195.4 1 0
github.com/kubeflow/notebooks/workspaces/backend/cmd/main.go:197.2,197.19 1 0
github.com/kubeflow/notebooks/workspaces/backend/internal/server/server.go:44.68,46.16 2 0
github.com/kubeflow/notebooks/workspaces/backend/internal/server/server.go:46.16,48.3 1 0
github.com/kubeflow/notebooks/workspaces/backend/internal/server/server.go:50.2,66.17 3 0
github.com/kubeflow/notebooks/workspaces/backend/internal/server/server.go:70.59,72.16 2 0
github.com/kubeflow/notebooks/workspaces/backend/internal/server/server.go:72.16,74.3 1 0
github.com/kubeflow/notebooks/workspaces/backend/internal/server/server.go:75.2,75.12 1 0
github.com/kubeflow/notebooks/workspaces/backend/internal/server/server.go:80.51,82.12 2 0
github.com/kubeflow/notebooks/workspaces/backend/internal/server/server.go:82.12,85.65 3 0
github.com/kubeflow/notebooks/workspaces/backend/internal/server/server.go:85.65,87.4 1 0
github.com/kubeflow/notebooks/workspaces/backend/internal/server/server.go:88.3,88.24 1 0
github.com/kubeflow/notebooks/workspaces/backend/internal/server/server.go:91.2,92.92 2 0
github.com/kubeflow/notebooks/workspaces/backend/internal/server/server.go:92.92,94.3 1 0
github.com/kubeflow/notebooks/workspaces/backend/internal/server/server.go:96.2,97.12 2 0
github.com/kubeflow/notebooks/workspaces/backend/internal/server/server.go:101.44,103.2 1 0
github.com/kubeflow/notebooks/workspaces/backend/internal/repositories/namespaces/repo.go:32.68,36.2 1 0
github.com/kubeflow/notebooks/workspaces/backend/internal/repositories/namespaces/repo.go:38.94,41.16 3 0
github.com/kubeflow/notebooks/workspaces/backend/internal/repositories/namespaces/repo.go:41.16,43.3 1 0
github.com/kubeflow/notebooks/workspaces/backend/internal/repositories/namespaces/repo.go:45.2,46.37 2 0
github.com/kubeflow/notebooks/workspaces/backend/internal/repositories/namespaces/repo.go:46.37,49.3 2 0
github.com/kubeflow/notebooks/workspaces/backend/internal/repositories/namespaces/repo.go:50.2,50.24 1 0
github.com/kubeflow/notebooks/workspaces/backend/internal/repositories/workspacekinds/repo.go:36.76,40.2 1 0
github.com/kubeflow/notebooks/workspaces/backend/internal/repositories/workspacekinds/repo.go:42.116,45.16 3 0
github.com/kubeflow/notebooks/workspaces/backend/internal/repositories/workspacekinds/repo.go:45.16,46.32 1 0
github.com/kubeflow/notebooks/workspaces/backend/internal/repositories/workspacekinds/repo.go:46.32,48.4 1 0
github.com/kubeflow/notebooks/workspaces/backend/internal/repositories/workspacekinds/repo.go:49.3,49.37 1 0
github.com/kubeflow/notebooks/workspaces/backend/internal/repositories/workspacekinds/repo.go:52.2,53.32 2 0
github.com/kubeflow/notebooks/workspaces/backend/internal/repositories/workspacekinds/repo.go:56.106,59.16 3 0
github.com/kubeflow/notebooks/workspaces/backend/internal/repositories/workspacekinds/repo.go:59.16,61.3 1 0
github.com/kubeflow/notebooks/workspaces/backend/internal/repositories/workspacekinds/repo.go:63.2,64.41 2 0
github.com/kubeflow/notebooks/workspaces/backend/internal/repositories/workspacekinds/repo.go:64.41,67.3 2 0
github.com/kubeflow/notebooks/workspaces/backend/internal/repositories/workspacekinds/repo.go:69.2,69.34 1 0
github.com/kubeflow/notebooks/workspaces/backend/internal/repositories/workspaces/repo.go:39.68,43.2 1 0
github.com/kubeflow/notebooks/workspaces/backend/internal/repositories/workspaces/repo.go:45.131,48.114 2 0
github.com/kubeflow/notebooks/workspaces/backend/internal/repositories/workspaces/repo.go:48.114,49.32 1 0
github.com/kubeflow/notebooks/workspaces/backend/internal/repositories/workspaces/repo.go:49.32,51.4 1 0
github.com/kubeflow/notebooks/workspaces/backend/internal/repositories/workspaces/repo.go:52.3,52.33 1 0
github.com/kubeflow/notebooks/workspaces/backend/internal/repositories/workspaces/repo.go:56.2,58.100 3 0
github.com/kubeflow/notebooks/workspaces/backend/internal/repositories/workspaces/repo.go:58.100,60.33 1 0
github.com/kubeflow/notebooks/workspaces/backend/internal/repositories/workspaces/repo.go:60.33,62.4 1 0
github.com/kubeflow/notebooks/workspaces/backend/internal/repositories/workspaces/repo.go:66.2,68.28 2 0
github.com/kubeflow/notebooks/workspaces/backend/internal/repositories/workspaces/repo.go:71.112,78.16 4 0
github.com/kubeflow/notebooks/workspaces/backend/internal/repositories/workspaces/repo.go:78.16,80.3 1 0
github.com/kubeflow/notebooks/workspaces/backend/internal/repositories/workspaces/repo.go:83.2,84.48 2 0
github.com/kubeflow/notebooks/workspaces/backend/internal/repositories/workspaces/repo.go:84.48,89.101 3 0
github.com/kubeflow/notebooks/workspaces/backend/internal/repositories/workspaces/repo.go:89.101,91.34 1 0
github.com/kubeflow/notebooks/workspaces/backend/internal/repositories/workspaces/repo.go:91.34,93.5 1 0
github.com/kubeflow/notebooks/workspaces/backend/internal/repositories/workspaces/repo.go:96.3,96.89 1 0
github.com/kubeflow/notebooks/workspaces/backend/internal/repositories/workspaces/repo.go:99.2,99.30 1 0
github.com/kubeflow/notebooks/workspaces/backend/internal/repositories/workspaces/repo.go:102.97,105.58 2 0
github.com/kubeflow/notebooks/workspaces/backend/internal/repositories/workspaces/repo.go:105.58,107.3 1 0
github.com/kubeflow/notebooks/workspaces/backend/internal/repositories/workspaces/repo.go:110.2,111.48 2 0
github.com/kubeflow/notebooks/workspaces/backend/internal/repositories/workspaces/repo.go:111.48,116.101 3 0
github.com/kubeflow/notebooks/workspaces/backend/internal/repositories/workspaces/repo.go:116.101,118.34 1 0
github.com/kubeflow/notebooks/workspaces/backend/internal/repositories/workspaces/repo.go:118.34,120.5 1 0
github.com/kubeflow/notebooks/workspaces/backend/internal/repositories/workspaces/repo.go:123.3,123.89 1 0
github.com/kubeflow/notebooks/workspaces/backend/internal/repositories/workspaces/repo.go:126.2,126.30 1 0
github.com/kubeflow/notebooks/workspaces/backend/internal/repositories/workspaces/repo.go:129.160,132.70 2 0
github.com/kubeflow/notebooks/workspaces/backend/internal/repositories/workspaces/repo.go:132.70,138.3 1 0
github.com/kubeflow/notebooks/workspaces/backend/internal/repositories/workspaces/repo.go:152.2,182.56 4 0
github.com/kubeflow/notebooks/workspaces/backend/internal/repositories/workspaces/repo.go:182.56,183.37 1 0
github.com/kubeflow/notebooks/workspaces/backend/internal/repositories/workspaces/repo.go:183.37,185.4 1 0
github.com/kubeflow/notebooks/workspaces/backend/internal/repositories/workspaces/repo.go:186.3,186.31 1 0
github.com/kubeflow/notebooks/workspaces/backend/internal/repositories/workspaces/repo.go:186.31,190.4 1 0
github.com/kubeflow/notebooks/workspaces/backend/internal/repositories/workspaces/repo.go:191.3,191.18 1 0
github.com/kubeflow/notebooks/workspaces/backend/internal/repositories/workspaces/repo.go:195.2,197.35 2 0
github.com/kubeflow/notebooks/workspaces/backend/internal/repositories/workspaces/repo.go:200.107,208.56 2 0
github.com/kubeflow/notebooks/workspaces/backend/internal/repositories/workspaces/repo.go:208.56,209.32 1 0
github.com/kubeflow/notebooks/workspaces/backend/internal/repositories/workspaces/repo.go:209.32,211.4 1 0
github.com/kubeflow/notebooks/workspaces/backend/internal/repositories/workspaces/repo.go:212.3,212.13 1 0
github.com/kubeflow/notebooks/workspaces/backend/internal/repositories/workspaces/repo.go:215.2,215.12 1 0
github.com/kubeflow/notebooks/workspaces/backend/openapi/docs.go:1397.13,1399.2 1 0
